// Jest Snapshot v1, https://goo.gl/fbAQLP

exports[`Features <TransferUploader /> renders correctly 1`] = `
.c0 {
  display: -webkit-box;
  display: -webkit-flex;
  display: -ms-flexbox;
  display: flex;
  -webkit-flex-direction: column;
  -ms-flex-direction: column;
  flex-direction: column;
  background: var(--colors-white);
  border-radius: 10px;
  box-shadow: 0 0 12px 0 rgba(0,0,0,0.1),0 10px 30px 0 rgba(0,0,0,0.2);
  height: 410px;
  width: 280px;
}

.c4 {
  position: relative;
  margin-top: auto;
  border-top: 1px solid var(--colors-iron);
  height: 72px;
  padding: 0 20px;
}

.c1 {
  display: block;
  margin: 30px auto 12px;
  position: relative;
  width: 170px;
}

.c2 {
  border-radius: 10px;
  stroke-linecap: round;
  -webkit-transition: stroke-dashoffset 0.2s linear,stroke 0.2s linear;
  transition: stroke-dashoffset 0.2s linear,stroke 0.2s linear;
  -webkit-transform: rotate(-90deg);
  -ms-transform: rotate(-90deg);
  transform: rotate(-90deg);
  -webkit-transform-origin: 50% 50%;
  -ms-transform-origin: 50% 50%;
  transform-origin: 50% 50%;
  -webkit-animation: iwIftm 2s linear infinite;
  animation: iwIftm 2s linear infinite;
}

.c3 {
  color: var(--colors-woodSmoke);
  font-size: 3.875em;
  left: 50%;
  line-height: 1;
  margin: -2px 0 0 2px;
  position: absolute;
  top: 50%;
  -webkit-transform: translate(-50%,-50%);
  -ms-transform: translate(-50%,-50%);
  transform: translate(-50%,-50%);
  white-space: nowrap;
}

.c3 span {
  color: var(--colors-silverSand);
  display: inline-block;
  font-size: 22px;
  line-height: 1;
  position: relative;
  top: 9px;
  vertical-align: top;
}

.c6 {
  background: var(--colors-dodgerBlue);
  border: 1px solid var(--colors-dodgerBlue);
  border-radius: 1.25em;
  box-sizing: border-box;
  color: var(--colors-white);
  cursor: pointer;
  display: inline-block;
  font-size: 1em;
  height: 2.5em;
  font-weight: 500;
  -webkit-transition: border-color 0.2s cubic-bezier(0.77,0,0.175,1), background-color 0.2s cubic-bezier(0.77,0,0.175,1), color 0.2s cubic-bezier(0.77,0,0.175,1);
  transition: border-color 0.2s cubic-bezier(0.77,0,0.175,1), background-color 0.2s cubic-bezier(0.77,0,0.175,1), color 0.2s cubic-bezier(0.77,0,0.175,1);
  -webkit-user-select: none;
  -moz-user-select: none;
  -ms-user-select: none;
  user-select: none;
  width: 150px;
  outline: 0;
}

.c6:hover {
  background-color: var(--colors-scienceBlue);
  border-color: var(--colors-scienceBlue);
}

.c5 {
  display: -webkit-box;
  display: -webkit-flex;
  display: -ms-flexbox;
  display: flex;
  height: 100%;
  -webkit-box-pack: center;
  -webkit-justify-content: center;
  -ms-flex-pack: center;
  justify-content: center;
  -webkit-align-items: center;
  -webkit-box-align: center;
  -ms-flex-align: center;
  align-items: center;
}

<div>
  <div
    class="c0"
  >
    <div>
      <div
        class="c1"
      >
        <svg
          data-testid="circular-loader"
          height="170"
          width="170"
        >
          <circle
            cx="85"
            cy="85"
            fill="transparent"
            r="80"
            stroke="var(--colors-porcelain)"
            stroke-dasharray="502.6548245743669 502.6548245743669"
            stroke-width="10"
          />
          <circle
            class="c2"
            cx="85"
            cy="85"
            fill="transparent"
            r="80"
            stroke="var(--colors-dodgerBlue)"
            stroke-dasharray="502.6548245743669 502.6548245743669"
            stroke-dashoffset="502.6548245743669"
            stroke-width="10"
          />
        </svg>
        <span
          class="c3"
          data-testid="progress-label"
        >
          0
          <span>
            %
          </span>
        </span>
      </div>
    </div>
    <div
      class="c4"
    >
      <div
        class="c5"
      >
        <button
          class="c6"
        >
          Start
        </button>
      </div>
    </div>
  </div>
</div>
`;
